---
- council_reference: BA23/00872
  description: Uncertified building permit - Front Boundary Wall
  date_received: '2023-08-28'
  address: 42 Admiralty Road, CANNING VALE WA 6155
  date_scraped: '2019-05-15'
  info_url: https://apps.gosnells.wa.gov.au/Pages/XC.Track/SearchApplication.aspx?id=754721
- council_reference: BA23/00873
  description: Uncertified building permit - Patio
  date_received: '2023-08-28'
  address: 190 Castlewood Parkway, SOUTHERN RIVER WA 6110
  date_scraped: '2019-05-15'
  info_url: https://apps.gosnells.wa.gov.au/Pages/XC.Track/SearchApplication.aspx?id=754765
- council_reference: BA23/00874
  description: Certified building permit - Single Dwelling
  date_received: '2023-08-28'
  address: 48 C Digby Street, GOSNELLS WA 6110
  date_scraped: '2019-05-15'
  info_url: https://apps.gosnells.wa.gov.au/Pages/XC.Track/SearchApplication.aspx?id=754805
- council_reference: BA23/00875
  description: Certified building permit - Solar Panels
  date_received: '2023-08-28'
  address: 44 Goodall Street, GOSNELLS WA 6110
  date_scraped: '2019-05-15'
  info_url: https://apps.gosnells.wa.gov.au/Pages/XC.Track/SearchApplication.aspx?id=754812
- council_reference: BA23/00876
  description: Uncertified building permit - Patio
  date_received: '2023-08-28'
  address: 258 Campbell Road, CANNING VALE WA 6155
  date_scraped: '2019-05-15'
  info_url: https://apps.gosnells.wa.gov.au/Pages/XC.Track/SearchApplication.aspx?id=754831
- council_reference: BA23/00877
  description: Demolition (Existing Dwelling)
  date_received: '2023-08-28'
  address: 63 Wheatley Street, GOSNELLS WA 6110
  date_scraped: '2019-05-15'
  info_url: https://apps.gosnells.wa.gov.au/Pages/XC.Track/SearchApplication.aspx?id=754839
- council_reference: BA23/00878
  description: Certified building permit - Single Dwelling
  date_received: '2023-08-28'
  address: 80 Byfield Road, SOUTHERN RIVER WA 6110
  date_scraped: '2019-05-15'
  info_url: https://apps.gosnells.wa.gov.au/Pages/XC.Track/SearchApplication.aspx?id=754872
- council_reference: BA23/00879
  description: Certified building permit - Patio
  date_received: '2023-08-29'
  address: 14 Bremner Circle, CANNING VALE WA 6155
  date_scraped: '2019-05-15'
  info_url: https://apps.gosnells.wa.gov.au/Pages/XC.Track/SearchApplication.aspx?id=754910
- council_reference: BA23/00880
  description: Uncertified building permit - Patio
  date_received: '2023-08-29'
  address: 22 / 11 Hazlett Way, CANNING VALE WA 6155
  date_scraped: '2019-05-15'
  info_url: https://apps.gosnells.wa.gov.au/Pages/XC.Track/SearchApplication.aspx?id=754913
- council_reference: BA23/00881
  description: Certified building permit - Specialist Disability Accommodation (1
    Dwelling)
  date_received: '2023-08-29'
  address: 18 Grand Boulevard, CANNING VALE WA 6155
  date_scraped: '2019-05-15'
  info_url: https://apps.gosnells.wa.gov.au/Pages/XC.Track/SearchApplication.aspx?id=754961
- council_reference: BA23/00882
  description: Certified building permit - Single Dwelling
  date_received: '2023-08-29'
  address: 6 Daybreak Loop, CANNING VALE WA 6155
  date_scraped: '2019-05-15'
  info_url: https://apps.gosnells.wa.gov.au/Pages/XC.Track/SearchApplication.aspx?id=754969
- council_reference: BA23/00883
  description: Certified building permit - Frameless Glass and Colorbond Pool Fence
  date_received: '2023-08-29'
  address: 6 Millway Avenue, SOUTHERN RIVER WA 6110
  date_scraped: '2019-05-15'
  info_url: https://apps.gosnells.wa.gov.au/Pages/XC.Track/SearchApplication.aspx?id=754992
- council_reference: BA23/00884
  description: Certified building permit - Carport
  date_received: '2023-08-29'
  address: 75 Wilfred Road, THORNLIE WA 6108
  date_scraped: '2019-05-15'
  info_url: https://apps.gosnells.wa.gov.au/Pages/XC.Track/SearchApplication.aspx?id=754993
- council_reference: BA23/00885
  description: Certified building permit - Ancillary Building
  date_received: '2023-08-30'
  address: 27 Sandmartin Drive, SOUTHERN RIVER WA 6110
  date_scraped: '2019-05-15'
  info_url: https://apps.gosnells.wa.gov.au/Pages/XC.Track/SearchApplication.aspx?id=755018
- council_reference: BA23/00886
  description: Certified building permit - Swimming Pool, Temporary Fencing and Frameless
    Glass Barrier Fence
  date_received: '2023-08-30'
  address: 4 Chicladoo Close, CANNING VALE WA 6155
  date_scraped: '2019-05-15'
  info_url: https://apps.gosnells.wa.gov.au/Pages/XC.Track/SearchApplication.aspx?id=755075
- council_reference: BA23/00887
  description: Uncertified building permit - Patio
  date_received: '2023-08-30'
  address: 17 Choseley Place, LANGFORD WA 6147
  date_scraped: '2019-05-15'
  info_url: https://apps.gosnells.wa.gov.au/Pages/XC.Track/SearchApplication.aspx?id=755116
- council_reference: BA23/00888
  description: Certified building permit - Single Dwelling
  date_received: '2023-08-30'
  address: 112 Homestead Road, GOSNELLS WA 6110
  date_scraped: '2019-05-15'
  info_url: https://apps.gosnells.wa.gov.au/Pages/XC.Track/SearchApplication.aspx?id=755139
- council_reference: BA23/00889
  description: Certified building permit - Single Dwelling
  date_received: '2023-08-31'
  address: 35 Beermier Road, SOUTHERN RIVER WA 6110
  date_scraped: '2019-05-15'
  info_url: https://apps.gosnells.wa.gov.au/Pages/XC.Track/SearchApplication.aspx?id=755183
- council_reference: BA23/00890
  description: Certified building permit - Warehouse Racking Works - Stage 4
  date_received: '2023-08-31'
  address: 106 Logistics Boulevard, KENWICK WA 6107
  date_scraped: '2019-05-15'
  info_url: https://apps.gosnells.wa.gov.au/Pages/XC.Track/SearchApplication.aspx?id=755193
- council_reference: BA23/00891
  description: Uncertified building permit - Brick Screen Wall
  date_received: '2023-08-31'
  address: 35 Matison Street, SOUTHERN RIVER WA 6110
  date_scraped: '2019-05-15'
  info_url: https://apps.gosnells.wa.gov.au/Pages/XC.Track/SearchApplication.aspx?id=755204
- council_reference: BA23/00892
  description: Certified building permit - 2 x Grouped Dwellings (Specialist Disability
    Accommodation)
  date_received: '2023-08-31'
  address: 63 Wheatley Street, GOSNELLS WA 6110
  date_scraped: '2019-05-15'
  info_url: https://apps.gosnells.wa.gov.au/Pages/XC.Track/SearchApplication.aspx?id=755220
- council_reference: BA23/00893
  description: Uncertified building permit - Patio
  date_received: '2023-08-31'
  address: 62 Partridge Way, THORNLIE WA 6108
  date_scraped: '2019-05-15'
  info_url: https://apps.gosnells.wa.gov.au/Pages/XC.Track/SearchApplication.aspx?id=755264
- council_reference: BA23/00894
  description: Certified building permit - Ancillary Dwelling
  date_received: '2023-08-31'
  address: 10 Boongala Circuit, CANNING VALE WA 6155
  date_scraped: '2019-05-15'
  info_url: https://apps.gosnells.wa.gov.au/Pages/XC.Track/SearchApplication.aspx?id=755267
- council_reference: BA23/00895
  description: Certified building permit - Retail Fit-Out (Taking Shape - Tenancy
    18)
  date_received: '2023-08-31'
  address: 1480 Albany Highway, BECKENHAM WA 6107
  date_scraped: '2019-05-15'
  info_url: https://apps.gosnells.wa.gov.au/Pages/XC.Track/SearchApplication.aspx?id=755274
- council_reference: BA23/00896
  description: Certified building permit - Warehouse Workshop and Office - Stage 2
    Works
  date_received: '2023-09-01'
  address: 53 Logistics Boulevard, KENWICK WA 6107
  date_scraped: '2019-05-15'
  info_url: https://apps.gosnells.wa.gov.au/Pages/XC.Track/SearchApplication.aspx?id=755280
- council_reference: BA23/00897
  description: Certified building permit - Forward Works for 7 Grouped Dwellings -
    Earthworks, Drainage, Retaining Walls, Fencing, Footings and Concrete Slabs
  date_received: '2023-09-01'
  address: 20 Bert Street, GOSNELLS WA 6110
  date_scraped: '2019-05-15'
  info_url: https://apps.gosnells.wa.gov.au/Pages/XC.Track/SearchApplication.aspx?id=755290
- council_reference: BA23/00898
  description: Certified building permit - Concrete Panel Metal Deck Caltex Service
    Station with Canopy
  date_received: '2023-09-01'
  address: 134 Westfield Street, MADDINGTON WA 6109
  date_scraped: '2019-05-15'
  info_url: https://apps.gosnells.wa.gov.au/Pages/XC.Track/SearchApplication.aspx?id=755300
- council_reference: BA23/00899
  description: Certified building permit - Childcare Centre, Carpark, Retaining Walls,
    Fencing and Storerooms
  date_received: '2023-09-01'
  address: 34 Yule Street, MADDINGTON WA 6109
  date_scraped: '2019-05-15'
  info_url: https://apps.gosnells.wa.gov.au/Pages/XC.Track/SearchApplication.aspx?id=755319
- council_reference: BA23/00900
  description: Uncertified building permit -  Modification to Pool Fence
  date_received: '2023-09-01'
  address: 11 Albrecht Place, THORNLIE WA 6108
  date_scraped: '2019-05-15'
  info_url: https://apps.gosnells.wa.gov.au/Pages/XC.Track/SearchApplication.aspx?id=755337
- council_reference: BA23/00901
  description: Certified building permit - Repairs to Dwelling from Vehicle Impact
  date_received: '2023-09-01'
  address: 64 Lyrebird Way, THORNLIE WA 6108
  date_scraped: '2019-05-15'
  info_url: https://apps.gosnells.wa.gov.au/Pages/XC.Track/SearchApplication.aspx?id=755359
- council_reference: BA23/00902
  description: Certified building permit - Red Dot Shop Front Alterations
  date_received: '2023-09-01'
  address: 43 Attfield Street, MADDINGTON WA 6109
  date_scraped: '2019-05-15'
  info_url: https://apps.gosnells.wa.gov.au/Pages/XC.Track/SearchApplication.aspx?id=755364
- council_reference: BA23/00903
  description: Certified building permit - Fire Damage Repairs to Existing Dwelling
  date_received: '2023-09-01'
  address: 125 Gosnells Road West, MARTIN WA 6110
  date_scraped: '2019-05-15'
  info_url: https://apps.gosnells.wa.gov.au/Pages/XC.Track/SearchApplication.aspx?id=755408
- council_reference: BA23/00904
  description: Certified building permit - Train Carriage Display
  date_received: '2023-09-04'
  address: 34 Homestead Road, GOSNELLS WA 6110
  date_scraped: '2019-05-15'
  info_url: https://apps.gosnells.wa.gov.au/Pages/XC.Track/SearchApplication.aspx?id=755426
- council_reference: BA23/00905
  description: Uncertified building permit - Patio x 2
  date_received: '2023-09-02'
  address: 155 Westfield Street, MADDINGTON WA 6109
  date_scraped: '2019-05-15'
  info_url: https://apps.gosnells.wa.gov.au/Pages/XC.Track/SearchApplication.aspx?id=755485
- council_reference: BA23/00906
  description: Certified building permit - Internal Fit-Out only to Existing Shop
    (Tenancy 13 - The Radiant Girl)
  date_received: '2023-09-04'
  address: 115 Murdoch Road, THORNLIE WA 6108
  date_scraped: '2019-05-15'
  info_url: https://apps.gosnells.wa.gov.au/Pages/XC.Track/SearchApplication.aspx?id=755490
- council_reference: BA23/00907
  description: Uncertified building permit - Boundary Retaining Wall
  date_received: '2023-09-04'
  address: 64 O'Dell Street, THORNLIE WA 6108
  date_scraped: '2019-05-15'
  info_url: https://apps.gosnells.wa.gov.au/Pages/XC.Track/SearchApplication.aspx?id=755494
- council_reference: BA23/00908
  description: Certified building permit - Single Dwelling
  date_received: '2023-09-04'
  address: 10 Daybreak Loop, CANNING VALE WA 6155
  date_scraped: '2019-05-15'
  info_url: https://apps.gosnells.wa.gov.au/Pages/XC.Track/SearchApplication.aspx?id=755502
- council_reference: BA23/00909
  description: Certified building permit - Single Dwelling
  date_received: '2023-09-04'
  address: 10 Halcyon Loop, SOUTHERN RIVER WA 6110
  date_scraped: '2019-05-15'
  info_url: https://apps.gosnells.wa.gov.au/Pages/XC.Track/SearchApplication.aspx?id=755515
- council_reference: BA23/00910
  description: Certified building permit - Patio
  date_received: '2023-09-04'
  address: 3 Settlers Way, GOSNELLS WA 6110
  date_scraped: '2019-05-15'
  info_url: https://apps.gosnells.wa.gov.au/Pages/XC.Track/SearchApplication.aspx?id=755535
- council_reference: BA23/00911
  description: Certified building permit - Single Dwelling
  date_received: '2023-09-05'
  address: 187 Matison Street, SOUTHERN RIVER WA 6110
  date_scraped: '2019-05-15'
  info_url: https://apps.gosnells.wa.gov.au/Pages/XC.Track/SearchApplication.aspx?id=755623
- council_reference: BA23/00912
  description: Certified building permit - Alterations to Existing Dwelling
  date_received: '2023-09-05'
  address: 13 Rudall Close, GOSNELLS WA 6110
  date_scraped: '2019-05-15'
  info_url: https://apps.gosnells.wa.gov.au/Pages/XC.Track/SearchApplication.aspx?id=755630
- council_reference: BA23/00913
  description: Certified building permit - Single Dwelling
  date_received: '2023-09-05'
  address: 1 Darandura Road, SOUTHERN RIVER WA 6110
  date_scraped: '2019-05-15'
  info_url: https://apps.gosnells.wa.gov.au/Pages/XC.Track/SearchApplication.aspx?id=755640
- council_reference: BA23/00914
  description: Certified building permit - Single Dwelling
  date_received: '2023-09-05'
  address: 12 Norfolk Drive, SOUTHERN RIVER WA 6110
  date_scraped: '2019-05-15'
  info_url: https://apps.gosnells.wa.gov.au/Pages/XC.Track/SearchApplication.aspx?id=755649
- council_reference: BA23/00915
  description: Certified building permit - Single Dwelling
  date_received: '2023-09-05'
  address: 26 Norfolk Drive, SOUTHERN RIVER WA 6110
  date_scraped: '2019-05-15'
  info_url: https://apps.gosnells.wa.gov.au/Pages/XC.Track/SearchApplication.aspx?id=755663
- council_reference: BA23/00916
  description: Certified building permit - Shade Sail
  date_received: '2023-09-05'
  address: 20 Daniel Drive, CANNING VALE WA 6155
  date_scraped: '2019-05-15'
  info_url: https://apps.gosnells.wa.gov.au/Pages/XC.Track/SearchApplication.aspx?id=755694
- council_reference: BA23/00917
  description: Certified building permit - Childcare Centre (Updated Mechanical Works)
  date_received: '2023-09-05'
  address: 35 Yule Street, MADDINGTON WA 6109
  date_scraped: '2019-05-15'
  info_url: https://apps.gosnells.wa.gov.au/Pages/XC.Track/SearchApplication.aspx?id=755706
- council_reference: BA23/00918
  description: Certified building permit - Forward Works - Earthworks, Stormwater,
    Boundary Fencing for 12 Multiple Dwellings
  date_received: '2023-09-06'
  address: 112 Hicks Street, GOSNELLS WA 6110
  date_scraped: '2019-05-15'
  info_url: https://apps.gosnells.wa.gov.au/Pages/XC.Track/SearchApplication.aspx?id=755893
- council_reference: BA23/00919
  description: Certified building permit - Refurbishment to Existing Coles Tenancy
  date_received: '2023-09-06'
  address: 2158 Albany Highway, GOSNELLS WA 6110
  date_scraped: '2019-05-15'
  info_url: https://apps.gosnells.wa.gov.au/Pages/XC.Track/SearchApplication.aspx?id=755968
- council_reference: BA23/00920
  description: Demolition permit - Full Demolition (Existing Dwelling and Shed)
  date_received: '2023-09-07'
  address: 17 Webb Street, GOSNELLS WA 6110
  date_scraped: '2019-05-15'
  info_url: https://apps.gosnells.wa.gov.au/Pages/XC.Track/SearchApplication.aspx?id=756013
- council_reference: BA23/00921
  description: Uncertified building permit - Semi Frameless Glass Pool Barrier
  date_received: '2023-09-07'
  address: 1 Illawarra Crescent, CANNING VALE WA 6155
  date_scraped: '2019-05-15'
  info_url: https://apps.gosnells.wa.gov.au/Pages/XC.Track/SearchApplication.aspx?id=756018
- council_reference: BA23/00922
  description: Certified building permit - Ancillary Accommodation
  date_received: '2023-09-07'
  address: 12 Lorikeet Way, GOSNELLS WA 6110
  date_scraped: '2019-05-15'
  info_url: https://apps.gosnells.wa.gov.au/Pages/XC.Track/SearchApplication.aspx?id=756037
- council_reference: BA23/00923
  description: Certified building permit - Patio
  date_received: '2023-09-07'
  address: 8 Lancefield Crescent, MADDINGTON WA 6109
  date_scraped: '2019-05-15'
  info_url: https://apps.gosnells.wa.gov.au/Pages/XC.Track/SearchApplication.aspx?id=756102
- council_reference: BA23/00924
  description: Certified building permit - Ancillary Accommodation
  date_received: '2023-09-07'
  address: 15 A Celebration Street, BECKENHAM WA 6107
  date_scraped: '2019-05-15'
  info_url: https://apps.gosnells.wa.gov.au/Pages/XC.Track/SearchApplication.aspx?id=756113
- council_reference: BA23/00925
  description: Certified building permit - Single Dwelling
  date_received: '2023-09-07'
  address: 11 B Foxwood Way, LANGFORD WA 6147
  date_scraped: '2019-05-15'
  info_url: https://apps.gosnells.wa.gov.au/Pages/XC.Track/SearchApplication.aspx?id=756127
- council_reference: BA23/00926
  description: Certified building permit - Single Dwelling
  date_received: '2023-09-07'
  address: 4 Newmerrie Street, SOUTHERN RIVER WA 6110
  date_scraped: '2019-05-15'
  info_url: https://apps.gosnells.wa.gov.au/Pages/XC.Track/SearchApplication.aspx?id=756134
- council_reference: BA23/00927
  description: Uncertified building permit - Swimming Pool Barrier
  date_received: '2023-09-08'
  address: 24 Bennett Drive, CANNING VALE WA 6155
  date_scraped: '2019-05-15'
  info_url: https://apps.gosnells.wa.gov.au/Pages/XC.Track/SearchApplication.aspx?id=756239
- council_reference: BA23/00928
  description: Uncertified building permit - Carport and Patio
  date_received: '2023-09-08'
  address: 15 Isaacs Court, HUNTINGDALE WA 6110
  date_scraped: '2019-05-15'
  info_url: https://apps.gosnells.wa.gov.au/Pages/XC.Track/SearchApplication.aspx?id=756269
- council_reference: BA23/00929
  description: Certified building permit - Shed
  date_received: '2023-09-08'
  address: 20 Jenkinson Street, GOSNELLS WA 6110
  date_scraped: '2019-05-15'
  info_url: https://apps.gosnells.wa.gov.au/Pages/XC.Track/SearchApplication.aspx?id=756287
- council_reference: BC23/00037
  description: Building approval certificate - Unauthorised work -  Carport
  date_received: '2023-09-07'
  address: 82 Carisbrooke Street, MADDINGTON WA 6109
  date_scraped: '2019-05-15'
  info_url: https://apps.gosnells.wa.gov.au/Pages/XC.Track/SearchApplication.aspx?id=756089
- council_reference: BC23/00038
  description: Certificate of Building Compliance - Carport
  date_received: '2023-09-07'
  address: 82 Carisbrooke Street, MADDINGTON WA 6109
  date_scraped: '2019-05-15'
  info_url: https://apps.gosnells.wa.gov.au/Pages/XC.Track/SearchApplication.aspx?id=756092
- council_reference: BO23/00051
  description: Occupancy permit - Fit-Out Existing Tenancy - Sushi Hub SP049
  date_received: '2023-08-30'
  address: 43 Attfield Street, MADDINGTON WA 6109
  date_scraped: '2019-05-15'
  info_url: https://apps.gosnells.wa.gov.au/Pages/XC.Track/SearchApplication.aspx?id=755059
- council_reference: BO23/00052
  description: Occupancy permit - Temporary Occupancy - Retail Fast Food - (Guzman
    Y Gomez)
  date_received: '2023-09-05'
  address: 215 Campbell Road, CANNING VALE WA 6155
  date_scraped: '2019-05-15'
  info_url: https://apps.gosnells.wa.gov.au/Pages/XC.Track/SearchApplication.aspx?id=755683
- council_reference: DA23/00392
  description: Development application - 22 (Lot 2) Sunco Parade Canning Vale - Single
    House
  date_received: '2023-08-28'
  address: 22 Sunco Parade, CANNING VALE WA 6155
  date_scraped: '2019-05-15'
  info_url: https://apps.gosnells.wa.gov.au/Pages/XC.Track/SearchApplication.aspx?id=754795
- council_reference: DA23/00393
  description: AWAITING PAYMENT Development application - 73 (Lot 7) Bickley Road,
    Beckenham – Demolition
  date_received: '2023-08-30'
  address: 73 Bickley Road, BECKENHAM WA 6107
  date_scraped: '2019-05-15'
  info_url: https://apps.gosnells.wa.gov.au/Pages/XC.Track/SearchApplication.aspx?id=755135
- council_reference: DA23/00394
  description: Development Application - 16 (Lot 178) Range View Way, Thornlie – Single
    House
  date_received: '2023-08-30'
  address: 16 Range View Way, THORNLIE WA 6108
  date_scraped: '2019-05-15'
  info_url: https://apps.gosnells.wa.gov.au/Pages/XC.Track/SearchApplication.aspx?id=755138
- council_reference: DA23/00395
  description: AWAITING PAYMENT Development application - 5 (Lot 907) Kilkarn Way,
    Southern River – Single House
  date_received: '2023-08-30'
  address: 5 Kilkarn Way, SOUTHERN RIVER WA 6110
  date_scraped: '2019-05-15'
  info_url: https://apps.gosnells.wa.gov.au/Pages/XC.Track/SearchApplication.aspx?id=755141
- council_reference: DA23/00396
  description: Development application - 70 (Lot 127) Lyrebird Way Thornlie - Two
    Grouped Dwellings (inc. One Existing)
  date_received: '2023-08-30'
  address: 70 Lyrebird Way, THORNLIE WA 6108
  date_scraped: '2019-05-15'
  info_url: https://apps.gosnells.wa.gov.au/Pages/XC.Track/SearchApplication.aspx?id=755144
- council_reference: DA23/00397
  description: Development application - 1 (Lot 345) Holmes Street, Southern River
    – Signage
  date_received: '2023-08-30'
  address: 1 Holmes Street, SOUTHERN RIVER WA 6110
  date_scraped: '2019-05-15'
  info_url: https://apps.gosnells.wa.gov.au/Pages/XC.Track/SearchApplication.aspx?id=755145
- council_reference: DA23/00398
  description: Development Application - 43 (Lot 1554) Ramorine Turn Southern River
    - Single House
  date_received: '2023-08-30'
  address: 43 Ramorine Turn, SOUTHERN RIVER WA 6110
  date_scraped: '2019-05-15'
  info_url: https://apps.gosnells.wa.gov.au/Pages/XC.Track/SearchApplication.aspx?id=755522
- council_reference: DA23/00399
  description: Development Application - 68 (Lot 2) Stafford Road Kenwick - Single
    House
  date_received: '2023-08-31'
  address: 68 Stafford Road, KENWICK WA 6107
  date_scraped: '2019-05-15'
  info_url: https://apps.gosnells.wa.gov.au/Pages/XC.Track/SearchApplication.aspx?id=755560
- council_reference: DA23/00400
  description: Development Application - 12 (Lot 249) Gay Street Huntingdale - Patio
  date_received: '2023-09-01'
  address: 12 Gay Street, HUNTINGDALE WA 6110
  date_scraped: '2019-05-15'
  info_url: https://apps.gosnells.wa.gov.au/Pages/XC.Track/SearchApplication.aspx?id=755568
- council_reference: DA23/00401
  description: Development Application - 58 (Lot 3) Jubilee Street Becenham - Front
    Boundary Fence
  date_received: '2023-09-01'
  address: 58 Jubilee Street, BECKENHAM WA 6107
  date_scraped: '2019-05-15'
  info_url: https://apps.gosnells.wa.gov.au/Pages/XC.Track/SearchApplication.aspx?id=755571
- council_reference: DA23/00402
  description: Development Application - 16 (Lot 167) Kakadu Way Southern River -
    Single House
  date_received: '2023-09-01'
  address: 16 Kakadu Way, SOUTHERN RIVER WA 6110
  date_scraped: '2019-05-15'
  info_url: https://apps.gosnells.wa.gov.au/Pages/XC.Track/SearchApplication.aspx?id=755581
- council_reference: DA23/00403
  description: Development Application - 26 (Lot 2) Melvin Avenue Thornlie - Single
    House
  date_received: '2023-09-01'
  address: 26 Melvin Avenue, THORNLIE WA 6108
  date_scraped: '2019-05-15'
  info_url: https://apps.gosnells.wa.gov.au/Pages/XC.Track/SearchApplication.aspx?id=755586
- council_reference: DA23/00404
  description: Development Application - 92 (Lot 102) Staniland Street Orange Grove
    - Hardstand (Retrospective)
  date_received: '2023-09-01'
  address: 92 Staniland Street, ORANGE GROVE WA 6109
  date_scraped: '2019-05-15'
  info_url: https://apps.gosnells.wa.gov.au/Pages/XC.Track/SearchApplication.aspx?id=755588
- council_reference: DA23/00405
  description: Development Application - 41 (Lot 326) Ballyronan Road Maddington -
    Single House
  date_received: '2023-09-01'
  address: 41 Ballyronan Road, MADDINGTON WA 6109
  date_scraped: '2019-05-15'
  info_url: https://apps.gosnells.wa.gov.au/Pages/XC.Track/SearchApplication.aspx?id=755589
- council_reference: DA23/00406
  description: Development Application - 13A (Lot 99) Stephenson Road Gosnells - Single
    House
  date_received: '2023-09-01'
  address: 13 A Stephenson Road, GOSNELLS WA 6110
  date_scraped: '2019-05-15'
  info_url: https://apps.gosnells.wa.gov.au/Pages/XC.Track/SearchApplication.aspx?id=755596
- council_reference: DA23/00407
  description: Development Application - 16 (Lot 232) Monarch Court Thornlie - Patio
  date_received: '2023-09-01'
  address: 16 Monarch Court, THORNLIE WA 6108
  date_scraped: '2019-05-15'
  info_url: https://apps.gosnells.wa.gov.au/Pages/XC.Track/SearchApplication.aspx?id=755647
- council_reference: DA23/00408
  description: Development Application - 47B (Lot 2) Celebration Street Beckenham
    - One Grouped Dwelling
  date_received: '2023-09-04'
  address: 47 B Celebration Street, BECKENHAM WA 6107
  date_scraped: '2019-05-15'
  info_url: https://apps.gosnells.wa.gov.au/Pages/XC.Track/SearchApplication.aspx?id=755652
- council_reference: DA23/00409
  description: Development Application - 5/536 (Lot 5) Nicholson Road Canning Vale
    - One Grouped Dwelling
  date_received: '2023-09-05'
  address: 5 / 536 Nicholson Road, CANNING VALE WA 6155
  date_scraped: '2019-05-15'
  info_url: https://apps.gosnells.wa.gov.au/Pages/XC.Track/SearchApplication.aspx?id=755820
- council_reference: DA23/00410
  description: Development Application - 34 (Lot 103) Beermier Road Southern River
    - Single House
  date_received: '2023-09-06'
  address: 34 Beermier Road, SOUTHERN RIVER WA 6110
  date_scraped: '2019-05-15'
  info_url: https://apps.gosnells.wa.gov.au/Pages/XC.Track/SearchApplication.aspx?id=755866
- council_reference: DA23/00411
  description: Development Application - 39 (Lot 233) Froudist Circle Southern River
    - Carport
  date_received: '2023-09-04'
  address: 39 Froudist Circle, SOUTHERN RIVER WA 6110
  date_scraped: '2019-05-15'
  info_url: https://apps.gosnells.wa.gov.au/Pages/XC.Track/SearchApplication.aspx?id=755966
- council_reference: DA23/00412
  description: Development Application - 3 (Lot 156) Lixnaw Lane Beckenham - Patio
  date_received: '2023-09-05'
  address: 3 Lixnaw Lane, BECKENHAM WA 6107
  date_scraped: '2019-05-15'
  info_url: https://apps.gosnells.wa.gov.au/Pages/XC.Track/SearchApplication.aspx?id=756141
- council_reference: DA23/00413
  description: Development Application - 1 (Lot 1615) Sporting Parkway Southern River
    - Single Dwelling
  date_received: '2023-09-05'
  address: 1 Sporting Parkway, SOUTHERN RIVER WA 6110
  date_scraped: '2019-05-15'
  info_url: https://apps.gosnells.wa.gov.au/Pages/XC.Track/SearchApplication.aspx?id=756146
- council_reference: DA23/00414
  description: AWAITING PAYMENT Development Application - 72 (Lot 12) Boardman Road
    Canning Vale - Patio
  date_received: '2023-09-07'
  address: 72 Boardman Road, CANNING VALE WA 6155
  date_scraped: '2019-05-15'
  info_url: https://apps.gosnells.wa.gov.au/Pages/XC.Track/SearchApplication.aspx?id=756149
- council_reference: DA23/00415
  description: AWAITING PAYMENT Development Application - 97 (Lot 52) Halcyon Loop
    Southern River - Single Dwelling
  date_received: '2023-09-05'
  address: 97 Halcyon Loop, SOUTHERN RIVER WA 6110
  date_scraped: '2019-05-15'
  info_url: https://apps.gosnells.wa.gov.au/Pages/XC.Track/SearchApplication.aspx?id=756160
