---
- council_reference: '008.2017.00000008.003'
  description: s.4.55(2) Modification of consent  comprising amendments to the design
    of a dwelling house
  date_received: '2023-08-28'
  address: 8A Cyprian Street, MOSMAN NSW 2088
  date_scraped: '2019-05-15'
  info_url: https://portal.mosman.nsw.gov.au/pages/xc.track/SearchApplication.aspx?id=008.2017.00000008.003
- council_reference: '008.2022.00000085.004'
  description: s.4.56(1) modification of a court approved consent
  date_received: '2023-09-06'
  address: 187 Spit Road, MOSMAN NSW 2088
  date_scraped: '2019-05-15'
  info_url: https://portal.mosman.nsw.gov.au/pages/xc.track/SearchApplication.aspx?id=008.2022.00000085.004
- council_reference: '008.2022.00000325.003'
  description: s.4.55(2) Modification of consent comprising amendment to the carport
    design
  date_received: '2023-09-01'
  address: 10 Union Street, MOSMAN NSW 2088
  date_scraped: '2019-05-15'
  info_url: https://portal.mosman.nsw.gov.au/pages/xc.track/SearchApplication.aspx?id=008.2022.00000325.003
- council_reference: '008.2023.00000192.001'
  description: dwelling house
  date_received: '2023-09-01'
  address: 7 Lennox Street, MOSMAN NSW 2088
  date_scraped: '2019-05-15'
  info_url: https://portal.mosman.nsw.gov.au/pages/xc.track/SearchApplication.aspx?id=008.2023.00000192.001
- council_reference: '008.2023.00000196.001'
  description: Alterations and additions to a residential flat building
  date_received: '2023-08-30'
  address: 3 Moruben Road, MOSMAN NSW 2088
  date_scraped: '2019-05-15'
  info_url: https://portal.mosman.nsw.gov.au/pages/xc.track/SearchApplication.aspx?id=008.2023.00000196.001
- council_reference: '008.2023.00000197.001'
  description: Construction of a double carport with store at rear
  date_received: '2023-09-04'
  address: 31 Bradleys Head Road, MOSMAN NSW 2088
  date_scraped: '2019-05-15'
  info_url: https://portal.mosman.nsw.gov.au/pages/xc.track/SearchApplication.aspx?id=008.2023.00000197.001
- council_reference: '008.2023.00000198.001'
  description: Demolition, new dwelling house and swimming pool
  date_received: '2023-08-30'
  address: 33A Rangers Avenue, MOSMAN NSW 2088
  date_scraped: '2019-05-15'
  info_url: https://portal.mosman.nsw.gov.au/pages/xc.track/SearchApplication.aspx?id=008.2023.00000198.001
- council_reference: '008.2023.00000201.001'
  description: Other - Additional lounge room and terrace
  date_received: '2023-09-01'
  address: 118 Prince Albert Street, MOSMAN NSW 2088
  date_scraped: '2019-05-15'
  info_url: https://portal.mosman.nsw.gov.au/pages/xc.track/SearchApplication.aspx?id=008.2023.00000201.001
- council_reference: '008.2023.00000202.001'
  description: Pools / decks / fencing, Garages, carports and car parking spaces
  date_received: '2023-09-05'
  address: 44 Calypso Avenue, MOSMAN NSW 2088
  date_scraped: '2019-05-15'
  info_url: https://portal.mosman.nsw.gov.au/pages/xc.track/SearchApplication.aspx?id=008.2023.00000202.001
- council_reference: '008.2023.00000208.001'
  description: Alterations and additions to residential development
  date_received: '2023-09-01'
  address: 6 Upper Spit Road, MOSMAN NSW 2088
  date_scraped: '2019-05-15'
  info_url: https://portal.mosman.nsw.gov.au/pages/xc.track/SearchApplication.aspx?id=008.2023.00000208.001
